
Running 33 tests using 1 worker

[1A[2K(node:98199) Warning: The 'NO_COLOR' env is ignored due to the 'FORCE_COLOR' env being set.
(Use `node --trace-warnings ...` to show where the warning was created)


[1A[2K(node:98199) Warning: The 'NO_COLOR' env is ignored due to the 'FORCE_COLOR' env being set.
(Use `node --trace-warnings ...` to show where the warning was created)


[1A[2K[1/33] [chromium] › tests/e2e-complete-sunspire.spec.ts:34:9 › 🔥 COMPLETE SUNSPIRE END-TO-END TESTS › 1️⃣ DEMO MODE - Core Functionality › 1.1 Demo page loads with correct branding
[1A[2K[chromium] › tests/e2e-complete-sunspire.spec.ts:34:9 › 🔥 COMPLETE SUNSPIRE END-TO-END TESTS › 1️⃣ DEMO MODE - Core Functionality › 1.1 Demo page loads with correct branding
✅ Heading: Tesla

[1A[2K✅ 1.1 Demo branding verified

[1A[2K[2/33] [chromium] › tests/e2e-complete-sunspire.spec.ts:54:9 › 🔥 COMPLETE SUNSPIRE END-TO-END TESTS › 1️⃣ DEMO MODE - Core Functionality › 1.2 Demo quota counter displays correctly
[1A[2K[chromium] › tests/e2e-complete-sunspire.spec.ts:54:9 › 🔥 COMPLETE SUNSPIRE END-TO-END TESTS › 1️⃣ DEMO MODE - Core Functionality › 1.2 Demo quota counter displays correctly
✅ Runs counter: 2 runs left

[1A[2K✅ Expiration countdown: Exclusive preview for Tesla — expires in 6d 23:59:56

[1A[2K✅ 1.2 Demo quota counter verified

[1A[2K[3/33] [chromium] › tests/e2e-complete-sunspire.spec.ts:76:9 › 🔥 COMPLETE SUNSPIRE END-TO-END TESTS › 1️⃣ DEMO MODE - Core Functionality › 1.3 Demo quota lockout works (0 runs)
[1A[2K[chromium] › tests/e2e-complete-sunspire.spec.ts:76:9 › 🔥 COMPLETE SUNSPIRE END-TO-END TESTS › 1️⃣ DEMO MODE - Core Functionality › 1.3 Demo quota lockout works (0 runs)
✅ 1.3 Demo lockout verified

[1A[2K[4/33] [chromium] › tests/e2e-complete-sunspire.spec.ts:121:9 › 🔥 COMPLETE SUNSPIRE END-TO-END TESTS › 2️⃣ BRANDING - Custom Colors & Logos › 2.1 Tesla brand colors are applied
[1A[2K[chromium] › tests/e2e-complete-sunspire.spec.ts:121:9 › 🔥 COMPLETE SUNSPIRE END-TO-END TESTS › 2️⃣ BRANDING - Custom Colors & Logos › 2.1 Tesla brand colors are applied
✅ Tesla brand color: #CC0000

[1A[2K✅ 2.1 Brand colors verified

[1A[2K[5/33] [chromium] › tests/e2e-complete-sunspire.spec.ts:138:9 › 🔥 COMPLETE SUNSPIRE END-TO-END TESTS › 2️⃣ BRANDING - Custom Colors & Logos › 2.2 Different company shows different branding
[1A[2K[chromium] › tests/e2e-complete-sunspire.spec.ts:138:9 › 🔥 COMPLETE SUNSPIRE END-TO-END TESTS › 2️⃣ BRANDING - Custom Colors & Logos › 2.2 Different company shows different branding
✅ 2.2 Google branding verified

[1A[2K[6/33] [chromium] › tests/e2e-complete-sunspire.spec.ts:155:9 › 🔥 COMPLETE SUNSPIRE END-TO-END TESTS › 3️⃣ ADDRESS AUTOCOMPLETE - Google Maps Integration › 3.1 Address input is present and functional
[1A[2K[chromium] › tests/e2e-complete-sunspire.spec.ts:155:9 › 🔥 COMPLETE SUNSPIRE END-TO-END TESTS › 3️⃣ ADDRESS AUTOCOMPLETE - Google Maps Integration › 3.1 Address input is present and functional
⚠️  Autocomplete dropdown not visible (may need Google API key)

[1A[2K✅ 3.1 Address autocomplete verified

[1A[2K[7/33] [chromium] › tests/e2e-complete-sunspire.spec.ts:187:9 › 🔥 COMPLETE SUNSPIRE END-TO-END TESTS › 4️⃣ SOLAR ESTIMATIONS - Report Generation & Accuracy › 4.1 Report generates with solar estimations
[1A[2K[chromium] › tests/e2e-complete-sunspire.spec.ts:187:9 › 🔥 COMPLETE SUNSPIRE END-TO-END TESTS › 4️⃣ SOLAR ESTIMATIONS - Report Generation & Accuracy › 4.1 Report generates with solar estimations
✅ Metric: System Size

[1A[2K✅ Metric: Annual Production

[1A[2K✅ Metric: Year 1 Savings

[1A[2K✅ Metric: Payback Period

[1A[2K✅ 4.1 Solar estimation report verified

[1A[2K[8/33] [chromium] › tests/e2e-complete-sunspire.spec.ts:211:9 › 🔥 COMPLETE SUNSPIRE END-TO-END TESTS › 4️⃣ SOLAR ESTIMATIONS - Report Generation & Accuracy › 4.2 Report shows correct address
[1A[2K[chromium] › tests/e2e-complete-sunspire.spec.ts:211:9 › 🔥 COMPLETE SUNSPIRE END-TO-END TESTS › 4️⃣ SOLAR ESTIMATIONS - Report Generation & Accuracy › 4.2 Report shows correct address
✅ Address present in report: [33mtrue[39m

[1A[2K✅ 4.2 Report address verified

[1A[2K[9/33] [chromium] › tests/e2e-complete-sunspire.spec.ts:227:9 › 🔥 COMPLETE SUNSPIRE END-TO-END TESTS › 4️⃣ SOLAR ESTIMATIONS - Report Generation & Accuracy › 4.3 Assumptions section is present
[1A[2K[chromium] › tests/e2e-complete-sunspire.spec.ts:227:9 › 🔥 COMPLETE SUNSPIRE END-TO-END TESTS › 4️⃣ SOLAR ESTIMATIONS - Report Generation & Accuracy › 4.3 Assumptions section is present
✅ Assumptions section present: [33mtrue[39m

[1A[2K✅ 4.3 Assumptions section verified

[1A[2K[10/33] [chromium] › tests/e2e-complete-sunspire.spec.ts:247:9 › 🔥 COMPLETE SUNSPIRE END-TO-END TESTS › 5️⃣ BLUR FUNCTIONALITY - Demo Restrictions › 5.1 Demo mode shows blurred content
[1A[2K[chromium] › tests/e2e-complete-sunspire.spec.ts:247:9 › 🔥 COMPLETE SUNSPIRE END-TO-END TESTS › 5️⃣ BLUR FUNCTIONALITY - Demo Restrictions › 5.1 Demo mode shows blurred content
✅ Blur elements found: [33m7[39m

[1A[2K✅ Upgrade prompts: [33m5[39m

[1A[2K✅ 5.1 Blur functionality verified

[1A[2K[11/33] [chromium] › tests/e2e-complete-sunspire.spec.ts:270:9 › 🔥 COMPLETE SUNSPIRE END-TO-END TESTS › 6️⃣ CTA BUTTONS & STRIPE CHECKOUT › 6.1 Primary CTA buttons exist on homepage
[1A[2K[chromium] › tests/e2e-complete-sunspire.spec.ts:270:9 › 🔥 COMPLETE SUNSPIRE END-TO-END TESTS › 6️⃣ CTA BUTTONS & STRIPE CHECKOUT › 6.1 Primary CTA buttons exist on homepage
✅ CTA buttons found: [33m5[39m

[1A[2K✅ 6.1 CTA buttons verified

[1A[2K[12/33] [chromium] › tests/e2e-complete-sunspire.spec.ts:283:9 › 🔥 COMPLETE SUNSPIRE END-TO-END TESTS › 6️⃣ CTA BUTTONS & STRIPE CHECKOUT › 6.2 Pricing page CTA initiates checkout
[1A[2K  1) [chromium] › tests/e2e-complete-sunspire.spec.ts:283:9 › 🔥 COMPLETE SUNSPIRE END-TO-END TESTS › 6️⃣ CTA BUTTONS & STRIPE CHECKOUT › 6.2 Pricing page CTA initiates checkout 

    Error: page.goto: net::ERR_ABORTED at http://localhost:3001/pricing?company=Tesla&demo=1
    Call log:
    [2m  - navigating to "http://localhost:3001/pricing?company=Tesla&demo=1", waiting until "load"[22m


      282 |
      283 |     test('6.2 Pricing page CTA initiates checkout', async ({ page }) => {
    > 284 |       await page.goto(PRICING_URL + '?company=Tesla&demo=1');
          |                  ^
      285 |       await page.waitForLoadState('networkidle');
      286 |       await page.waitForTimeout(2000);
      287 |
        at /Users/hugowentzel/sunspire-clean/tests/e2e-complete-sunspire.spec.ts:284:18

    Error Context: test-results/e2e-complete-sunspire-🔥-C-5509e-page-CTA-initiates-checkout-chromium/error-context.md


[1A[2K(node:98826) Warning: The 'NO_COLOR' env is ignored due to the 'FORCE_COLOR' env being set.
(Use `node --trace-warnings ...` to show where the warning was created)


[1A[2K(node:98826) Warning: The 'NO_COLOR' env is ignored due to the 'FORCE_COLOR' env being set.
(Use `node --trace-warnings ...` to show where the warning was created)


[1A[2K[13/33] [chromium] › tests/e2e-complete-sunspire.spec.ts:314:9 › 🔥 COMPLETE SUNSPIRE END-TO-END TESTS › 6️⃣ CTA BUTTONS & STRIPE CHECKOUT › 6.3 Lock overlay CTA initiates checkout
[1A[2K[chromium] › tests/e2e-complete-sunspire.spec.ts:314:9 › 🔥 COMPLETE SUNSPIRE END-TO-END TESTS › 6️⃣ CTA BUTTONS & STRIPE CHECKOUT › 6.3 Lock overlay CTA initiates checkout
✅ 6.3 Lock overlay CTA verified

[1A[2K[14/33] [chromium] › tests/e2e-complete-sunspire.spec.ts:355:9 › 🔥 COMPLETE SUNSPIRE END-TO-END TESTS › 7️⃣ LEGAL PAGES - Terms, Privacy, Security, Compliance › 7.1 Terms of Service page loads
[1A[2K[chromium] › tests/e2e-complete-sunspire.spec.ts:355:9 › 🔥 COMPLETE SUNSPIRE END-TO-END TESTS › 7️⃣ LEGAL PAGES - Terms, Privacy, Security, Compliance › 7.1 Terms of Service page loads
✅ Terms page heading: Your Company

[1A[2K✅ 7.1 Terms page verified

[1A[2K[15/33] [chromium] › tests/e2e-complete-sunspire.spec.ts:372:9 › 🔥 COMPLETE SUNSPIRE END-TO-END TESTS › 7️⃣ LEGAL PAGES - Terms, Privacy, Security, Compliance › 7.2 Privacy Policy page loads
[1A[2K[chromium] › tests/e2e-complete-sunspire.spec.ts:372:9 › 🔥 COMPLETE SUNSPIRE END-TO-END TESTS › 7️⃣ LEGAL PAGES - Terms, Privacy, Security, Compliance › 7.2 Privacy Policy page loads
✅ 7.2 Privacy page verified

[1A[2K[16/33] [chromium] › tests/e2e-complete-sunspire.spec.ts:384:9 › 🔥 COMPLETE SUNSPIRE END-TO-END TESTS › 7️⃣ LEGAL PAGES - Terms, Privacy, Security, Compliance › 7.3 Security page loads
[1A[2K[chromium] › tests/e2e-complete-sunspire.spec.ts:384:9 › 🔥 COMPLETE SUNSPIRE END-TO-END TESTS › 7️⃣ LEGAL PAGES - Terms, Privacy, Security, Compliance › 7.3 Security page loads
✅ 7.3 Security page verified

[1A[2K[17/33] [chromium] › tests/e2e-complete-sunspire.spec.ts:396:9 › 🔥 COMPLETE SUNSPIRE END-TO-END TESTS › 7️⃣ LEGAL PAGES - Terms, Privacy, Security, Compliance › 7.4 Do Not Sell page loads (CCPA compliance)
[1A[2K[chromium] › tests/e2e-complete-sunspire.spec.ts:396:9 › 🔥 COMPLETE SUNSPIRE END-TO-END TESTS › 7️⃣ LEGAL PAGES - Terms, Privacy, Security, Compliance › 7.4 Do Not Sell page loads (CCPA compliance)
✅ 7.4 CCPA page verified

[1A[2K[18/33] [chromium] › tests/e2e-complete-sunspire.spec.ts:408:9 › 🔥 COMPLETE SUNSPIRE END-TO-END TESTS › 7️⃣ LEGAL PAGES - Terms, Privacy, Security, Compliance › 7.5 Footer contains required legal links
[1A[2K  2) [chromium] › tests/e2e-complete-sunspire.spec.ts:408:9 › 🔥 COMPLETE SUNSPIRE END-TO-END TESTS › 7️⃣ LEGAL PAGES - Terms, Privacy, Security, Compliance › 7.5 Footer contains required legal links 

    Error: page.goto: net::ERR_ABORTED at http://localhost:3001/?company=Tesla&demo=1
    Call log:
    [2m  - navigating to "http://localhost:3001/?company=Tesla&demo=1", waiting until "load"[22m


      407 |
      408 |     test('7.5 Footer contains required legal links', async ({ page }) => {
    > 409 |       await page.goto(DEMO_URL);
          |                  ^
      410 |       await page.waitForLoadState('networkidle');
      411 |       await page.waitForTimeout(2000);
      412 |
        at /Users/hugowentzel/sunspire-clean/tests/e2e-complete-sunspire.spec.ts:409:18

    Error Context: test-results/e2e-complete-sunspire-🔥-C-ded44-ntains-required-legal-links-chromium/error-context.md


[1A[2K(node:99038) Warning: The 'NO_COLOR' env is ignored due to the 'FORCE_COLOR' env being set.
(Use `node --trace-warnings ...` to show where the warning was created)


[1A[2K(node:99038) Warning: The 'NO_COLOR' env is ignored due to the 'FORCE_COLOR' env being set.
(Use `node --trace-warnings ...` to show where the warning was created)


[1A[2K[19/33] [chromium] › tests/e2e-complete-sunspire.spec.ts:428:9 › 🔥 COMPLETE SUNSPIRE END-TO-END TESTS › 7️⃣ LEGAL PAGES - Terms, Privacy, Security, Compliance › 7.6 NREL PVWatts attribution present
[1A[2K[chromium] › tests/e2e-complete-sunspire.spec.ts:428:9 › 🔥 COMPLETE SUNSPIRE END-TO-END TESTS › 7️⃣ LEGAL PAGES - Terms, Privacy, Security, Compliance › 7.6 NREL PVWatts attribution present
✅ NREL attribution present: [33mtrue[39m

[1A[2K✅ 7.6 NREL attribution verified

[1A[2K[20/33] [chromium] › tests/e2e-complete-sunspire.spec.ts:448:9 › 🔥 COMPLETE SUNSPIRE END-TO-END TESTS › 8️⃣ PAID VERSION - Full Access (No Demo Restrictions) › 8.1 Paid URL redirects to /paid page
[1A[2K[chromium] › tests/e2e-complete-sunspire.spec.ts:448:9 › 🔥 COMPLETE SUNSPIRE END-TO-END TESTS › 8️⃣ PAID VERSION - Full Access (No Demo Restrictions) › 8.1 Paid URL redirects to /paid page
✅ 8.1 Paid redirect verified

[1A[2K[21/33] [chromium] › tests/e2e-complete-sunspire.spec.ts:459:9 › 🔥 COMPLETE SUNSPIRE END-TO-END TESTS › 8️⃣ PAID VERSION - Full Access (No Demo Restrictions) › 8.2 Paid version shows no blur or restrictions
[1A[2K[chromium] › tests/e2e-complete-sunspire.spec.ts:459:9 › 🔥 COMPLETE SUNSPIRE END-TO-END TESTS › 8️⃣ PAID VERSION - Full Access (No Demo Restrictions) › 8.2 Paid version shows no blur or restrictions
✅ No demo restrictions in paid version: [33mtrue[39m

[1A[2K✅ 8.2 Paid version verified

[1A[2K[22/33] [chromium] › tests/e2e-complete-sunspire.spec.ts:474:9 › 🔥 COMPLETE SUNSPIRE END-TO-END TESTS › 8️⃣ PAID VERSION - Full Access (No Demo Restrictions) › 8.3 Paid version has full report access
[1A[2K[chromium] › tests/e2e-complete-sunspire.spec.ts:474:9 › 🔥 COMPLETE SUNSPIRE END-TO-END TESTS › 8️⃣ PAID VERSION - Full Access (No Demo Restrictions) › 8.3 Paid version has full report access
✅ No lock overlay in paid version: [33mtrue[39m

[1A[2K✅ 8.3 Paid full access verified

[1A[2K[23/33] [chromium] › tests/e2e-complete-sunspire.spec.ts:494:9 › 🔥 COMPLETE SUNSPIRE END-TO-END TESTS › 9️⃣ NAVIGATION & ROUTING › 9.1 Homepage to Report navigation works
[1A[2K[chromium] › tests/e2e-complete-sunspire.spec.ts:494:9 › 🔥 COMPLETE SUNSPIRE END-TO-END TESTS › 9️⃣ NAVIGATION & ROUTING › 9.1 Homepage to Report navigation works
✅ Navigated to: http://localhost:3001/report?address=123+Main+St%2C+San+Francisco%2C+CA&lat=40.7128&lng=-74.0060&placeId=demo&company=Tesla&demo=1

[1A[2K✅ 9.1 Navigation verified

[1A[2K[24/33] [chromium] › tests/e2e-complete-sunspire.spec.ts:532:9 › 🔥 COMPLETE SUNSPIRE END-TO-END TESTS › 9️⃣ NAVIGATION & ROUTING › 9.2 Pricing page navigation
[1A[2K[chromium] › tests/e2e-complete-sunspire.spec.ts:532:9 › 🔥 COMPLETE SUNSPIRE END-TO-END TESTS › 9️⃣ NAVIGATION & ROUTING › 9.2 Pricing page navigation
✅ 9.2 Pricing page verified

[1A[2K[25/33] [chromium] › tests/e2e-complete-sunspire.spec.ts:542:9 › 🔥 COMPLETE SUNSPIRE END-TO-END TESTS › 9️⃣ NAVIGATION & ROUTING › 9.3 404 page works
[1A[2K[chromium] › tests/e2e-complete-sunspire.spec.ts:542:9 › 🔥 COMPLETE SUNSPIRE END-TO-END TESTS › 9️⃣ NAVIGATION & ROUTING › 9.3 404 page works
✅ 404 page rendered: [33mtrue[39m

[1A[2K✅ 9.3 404 page verified

[1A[2K[26/33] [chromium] › tests/e2e-complete-sunspire.spec.ts:560:9 › 🔥 COMPLETE SUNSPIRE END-TO-END TESTS › 🔟 RESPONSIVE DESIGN - Mobile & Desktop › 10.1 Mobile viewport renders correctly
[1A[2K[chromium] › tests/e2e-complete-sunspire.spec.ts:560:9 › 🔥 COMPLETE SUNSPIRE END-TO-END TESTS › 🔟 RESPONSIVE DESIGN - Mobile & Desktop › 10.1 Mobile viewport renders correctly
✅ 10.1 Mobile viewport verified

[1A[2K[27/33] [chromium] › tests/e2e-complete-sunspire.spec.ts:570:9 › 🔥 COMPLETE SUNSPIRE END-TO-END TESTS › 🔟 RESPONSIVE DESIGN - Mobile & Desktop › 10.2 Tablet viewport renders correctly
[1A[2K[chromium] › tests/e2e-complete-sunspire.spec.ts:570:9 › 🔥 COMPLETE SUNSPIRE END-TO-END TESTS › 🔟 RESPONSIVE DESIGN - Mobile & Desktop › 10.2 Tablet viewport renders correctly
✅ 10.2 Tablet viewport verified

[1A[2K[28/33] [chromium] › tests/e2e-complete-sunspire.spec.ts:580:9 › 🔥 COMPLETE SUNSPIRE END-TO-END TESTS › 🔟 RESPONSIVE DESIGN - Mobile & Desktop › 10.3 Desktop viewport renders correctly
[1A[2K[chromium] › tests/e2e-complete-sunspire.spec.ts:580:9 › 🔥 COMPLETE SUNSPIRE END-TO-END TESTS › 🔟 RESPONSIVE DESIGN - Mobile & Desktop › 10.3 Desktop viewport renders correctly
✅ 10.3 Desktop viewport verified

[1A[2K[29/33] [chromium] › tests/e2e-complete-sunspire.spec.ts:595:9 › 🔥 COMPLETE SUNSPIRE END-TO-END TESTS › 1️⃣1️⃣ PERFORMANCE & ACCESSIBILITY › 11.1 Page loads within reasonable time
[1A[2K[chromium] › tests/e2e-complete-sunspire.spec.ts:595:9 › 🔥 COMPLETE SUNSPIRE END-TO-END TESTS › 1️⃣1️⃣ PERFORMANCE & ACCESSIBILITY › 11.1 Page loads within reasonable time
✅ Page load time: [33m1772[39m ms

[1A[2K✅ 11.1 Performance verified

[1A[2K[30/33] [chromium] › tests/e2e-complete-sunspire.spec.ts:607:9 › 🔥 COMPLETE SUNSPIRE END-TO-END TESTS › 1️⃣1️⃣ PERFORMANCE & ACCESSIBILITY › 11.2 Basic accessibility checks
[1A[2K[chromium] › tests/e2e-complete-sunspire.spec.ts:607:9 › 🔥 COMPLETE SUNSPIRE END-TO-END TESTS › 1️⃣1️⃣ PERFORMANCE & ACCESSIBILITY › 11.2 Basic accessibility checks
✅ Images with alt text: 2/2

[1A[2K✅ Form inputs found: [33m1[39m

[1A[2K✅ 11.2 Accessibility checks verified

[1A[2K[31/33] [chromium] › tests/e2e-complete-sunspire.spec.ts:632:9 › 🔥 COMPLETE SUNSPIRE END-TO-END TESTS › 1️⃣2️⃣ DATA ACCURACY - Solar Calculations › 12.1 Solar calculations are present and reasonable
[1A[2K[chromium] › tests/e2e-complete-sunspire.spec.ts:632:9 › 🔥 COMPLETE SUNSPIRE END-TO-END TESTS › 1️⃣2️⃣ DATA ACCURACY - Solar Calculations › 12.1 Solar calculations are present and reasonable
✅ Contains numeric solar data: [33mtrue[39m

[1A[2K✅ 12.1 Data accuracy verified

[1A[2K[32/33] [chromium] › tests/e2e-complete-sunspire.spec.ts:647:9 › 🔥 COMPLETE SUNSPIRE END-TO-END TESTS › 1️⃣2️⃣ DATA ACCURACY - Solar Calculations › 12.2 Different locations produce different results
[1A[2K[chromium] › tests/e2e-complete-sunspire.spec.ts:647:9 › 🔥 COMPLETE SUNSPIRE END-TO-END TESTS › 1️⃣2️⃣ DATA ACCURACY - Solar Calculations › 12.2 Different locations produce different results
✅ Location-specific results: [33mtrue[39m

[1A[2K✅ 12.2 Location-based accuracy verified

[1A[2K[33/33] [chromium] › tests/e2e-complete-sunspire.spec.ts:670:5 › ✅ COMPREHENSIVE TEST SUITE SUMMARY
[1A[2K[chromium] › tests/e2e-complete-sunspire.spec.ts:670:5 › ✅ COMPREHENSIVE TEST SUITE SUMMARY

============================================================

[1A[2K🔥 SUNSPIRE COMPREHENSIVE TEST SUITE COMPLETE

[1A[2K============================================================

[1A[2K✅ Demo Mode: Tested

[1A[2K✅ Paid Mode: Tested

[1A[2K✅ Branding: Tested

[1A[2K✅ Quota System: Tested

[1A[2K✅ Lock Overlay: Tested

[1A[2K✅ Address Autocomplete: Tested

[1A[2K✅ Solar Estimations: Tested

[1A[2K✅ Blur Functionality: Tested

[1A[2K✅ CTA & Stripe: Tested

[1A[2K✅ Legal Pages: Tested

[1A[2K✅ Navigation: Tested

[1A[2K✅ Responsive Design: Tested

[1A[2K✅ Performance: Tested

[1A[2K✅ Data Accuracy: Tested

[1A[2K============================================================


[1A[2K  2 failed
    [chromium] › tests/e2e-complete-sunspire.spec.ts:283:9 › 🔥 COMPLETE SUNSPIRE END-TO-END TESTS › 6️⃣ CTA BUTTONS & STRIPE CHECKOUT › 6.2 Pricing page CTA initiates checkout 
    [chromium] › tests/e2e-complete-sunspire.spec.ts:408:9 › 🔥 COMPLETE SUNSPIRE END-TO-END TESTS › 7️⃣ LEGAL PAGES - Terms, Privacy, Security, Compliance › 7.5 Footer contains required legal links 
  31 passed (2.7m)
